
Linker Version 8.6.1.150212
Input Object File: E:\Doing\0 音頻口通信\ASSP MCU\hijiack\output\MAIN.OBJ
Input Object File: E:\Doing\0 音頻口通信\ASSP MCU\hijiack\output\SYSYINIT.OBJ
Input Object File: E:\Doing\0 音頻口通信\ASSP MCU\hijiack\output\IIC_SLAVE.OBJ
Input Object File: E:\Doing\0 音頻口通信\ASSP MCU\hijiack\output\HIJACK.OBJ

Input Library File: C:\Program Files\Holtek MCU Development Tools\HT-IDE3000V7.x\LIB\MATH6.LIB
Input Library File: C:\Program Files\Holtek MCU Development Tools\HT-IDE3000V7.x\LIB\time_srsc.lib
Input Library File: C:\Program Files\Holtek MCU Development Tools\HT-IDE3000V7.x\LIB\ctype_srsc.lib
Input Library File: C:\Program Files\Holtek MCU Development Tools\HT-IDE3000V7.x\LIB\math_srsc.lib
Input Library File: C:\Program Files\Holtek MCU Development Tools\HT-IDE3000V7.x\LIB\stdlib_srsc.lib
Input Library File: C:\Program Files\Holtek MCU Development Tools\HT-IDE3000V7.x\LIB\string_srsc.lib


     Bank    Start     End      Length     Class    AvgIns    Name
     00h     0000h     004ah    004bh      CODE               CS (E:\Doing\0 音頻口通信\ASSP MCU\hijiack\output\MAIN.OBJ)
     00h     004bh     0069h    001fh      CODE               OLDMAIN (E:\Doing\0 音頻口通信\ASSP MCU\hijiack\output\SYSYINIT.OBJ)
     00h     006ah     00f4h    008bh      CODE               IIC_SLAVE_CODE (E:\Doing\0 音頻口通信\ASSP MCU\hijiack\output\IIC_SLAVE.OBJ)
     00h     00f5h     02a0h    01ach      CODE               HIJACK_CODE (E:\Doing\0 音頻口通信\ASSP MCU\hijiack\output\HIJACK.OBJ)
     00h     0040h     0042h    0003h      DATA     5.3333    DS (E:\Doing\0 音頻口通信\ASSP MCU\hijiack\output\MAIN.OBJ)
     00h     0043h     004bh    0009h      DATA     5.1111    IIC_SLAVE_DATAL (E:\Doing\0 音頻口通信\ASSP MCU\hijiack\output\IIC_SLAVE.OBJ)
     00h     004ch     0062h    0017h      DATA     7.1739    HIJACK_DATAL (E:\Doing\0 音頻口通信\ASSP MCU\hijiack\output\HIJACK.OBJ)

     Local Sections

     Bank    Start     End      Length     Class    AvgIns    Name
     00h     0063h     0063h    0000h      LOCAL    0         _IIC_INT_ISR (E:\Doing\0 音頻口通信\ASSP MCU\hijiack\output\IIC_SLAVE.OBJ)
     00h     0063h     0063h    0000h      LOCAL    0         _IIC_READ_BYTEDATA (E:\Doing\0 音頻口通信\ASSP MCU\hijiack\output\IIC_SLAVE.OBJ)
     00h     0063h     0063h    0000h      LOCAL    0         IIC_ACK (E:\Doing\0 音頻口通信\ASSP MCU\hijiack\output\IIC_SLAVE.OBJ)
     00h     0063h     0063h    0000h      LOCAL    0         _IIC_WRITE_BYTEDATA (E:\Doing\0 音頻口通信\ASSP MCU\hijiack\output\IIC_SLAVE.OBJ)
     00h     0063h     0063h    0000h      LOCAL    0         _HIJACK_SEND (E:\Doing\0 音頻口通信\ASSP MCU\hijiack\output\HIJACK.OBJ)
     00h     0063h     0063h    0000h      LOCAL    0         _HIJACK_SEND_BIAS (E:\Doing\0 音頻口通信\ASSP MCU\hijiack\output\HIJACK.OBJ)
     00h     0063h     0063h    0000h      LOCAL    0         _HIJACK_SEND_IDLE (E:\Doing\0 音頻口通信\ASSP MCU\hijiack\output\HIJACK.OBJ)
     00h     0063h     0063h    0000h      LOCAL    0         _HIJACK_SEND_START (E:\Doing\0 音頻口通信\ASSP MCU\hijiack\output\HIJACK.OBJ)
     00h     0063h     0063h    0000h      LOCAL    0         _HIJACK_SEND_BYTE (E:\Doing\0 音頻口通信\ASSP MCU\hijiack\output\HIJACK.OBJ)
     00h     0063h     0063h    0000h      LOCAL    0         _HIJACK_SEND_STOP (E:\Doing\0 音頻口通信\ASSP MCU\hijiack\output\HIJACK.OBJ)
     00h     0063h     0063h    0000h      LOCAL    0         _HIJACK_RECEIVE (E:\Doing\0 音頻口通信\ASSP MCU\hijiack\output\HIJACK.OBJ)
     00h     0063h     0063h    0000h      LOCAL    0         _HIJACK_RX_1BIT (E:\Doing\0 音頻口通信\ASSP MCU\hijiack\output\HIJACK.OBJ)
     00h     0063h     0063h    0000h      LOCAL    0         _HIJACK_PREPAREMODE (E:\Doing\0 音頻口通信\ASSP MCU\hijiack\output\HIJACK.OBJ)
     00h     0063h     0063h    0000h      LOCAL    0         _HIJACK_STARTIDLEMODE (E:\Doing\0 音頻口通信\ASSP MCU\hijiack\output\HIJACK.OBJ)
     00h     0063h     0063h    0000h      LOCAL    0         _HIJACK_RX_BYTE (E:\Doing\0 音頻口通信\ASSP MCU\hijiack\output\HIJACK.OBJ)
     00h     0063h     0063h    0000h      LOCAL    0         _HIJACK_PARITY_STOPMODE (E:\Doing\0 音頻口通信\ASSP MCU\hijiack\output\HIJACK.OBJ)
     00h     0063h     0063h    0000h      LOCAL    0         _HIJACK_ENDIDLEMODE (E:\Doing\0 音頻口通信\ASSP MCU\hijiack\output\HIJACK.OBJ)

     Indepentent Local Sections

     Bank    Start     End      Length     Class    AvgIns    Name
     00h     0063h     0063h    0000h      ILOCAL   0         _CLEAR_RAM (E:\Doing\0 音頻口通信\ASSP MCU\hijiack\output\SYSYINIT.OBJ)
     00h     0063h     0063h    0000h      ILOCAL   0         _INIT_PORT (E:\Doing\0 音頻口通信\ASSP MCU\hijiack\output\SYSYINIT.OBJ)
     00h     0063h     0063h    0000h      ILOCAL   0         _INIT_WDT (E:\Doing\0 音頻口通信\ASSP MCU\hijiack\output\SYSYINIT.OBJ)
     00h     0063h     0063h    0000h      ILOCAL   0         _INIT_SYSFREQUENCY (E:\Doing\0 音頻口通信\ASSP MCU\hijiack\output\SYSYINIT.OBJ)
     00h     0063h     0063h    0000h      ILOCAL   0         _INIT_LVD (E:\Doing\0 音頻口通信\ASSP MCU\hijiack\output\SYSYINIT.OBJ)
     00h     0063h     0063h    0000h      ILOCAL   0         _IIC_INIT (E:\Doing\0 音頻口通信\ASSP MCU\hijiack\output\IIC_SLAVE.OBJ)
     00h     0063h     0063h    0000h      ILOCAL   0         _HIJACK_INIT (E:\Doing\0 音頻口通信\ASSP MCU\hijiack\output\HIJACK.OBJ)
     00h     0063h     0063h    0000h      ILOCAL   0         HIJACK_SEND_ODD_BIT (E:\Doing\0 音頻口通信\ASSP MCU\hijiack\output\HIJACK.OBJ)

     Public Symbols Information
     Address            Public by Name
     0040h[1]           FLAG_SDA_STATUS
     0040h[0]           F_EMI
     004ch              HIJACK_RECEIVE_DATAH
     004dh              HIJACK_RECEIVE_DATAL
     0062h[5]           HIJACK_RXOK_FLAG
     004eh              HIJACK_SEND_DATA_HIGH
     004fh              HIJACK_SEND_DATA_LOW
     0044h              IIC_RECEIVE_DATA_HIGH
     0045h              IIC_RECEIVE_DATA_LOW
     004bh[0]           IIC_RXOK_FLAG
     0046h              IIC_SEND_DATA_HIGH
     0047h              IIC_SEND_DATA_LOW
     004bh[1]           IIC_TXOK_FLAG
     0041h              R_ATEMP
     0042h              R_STATUS
     004bh              _CLEAR_RAM
     0225h              _HIJACK_INIT
     0114h              _HIJACK_RECEIVE
     00f5h              _HIJACK_SEND
     00ebh              _IIC_INIT
     006ah              _IIC_INT_ISR
     0067h              _INIT_LVD
     0053h              _INIT_PORT
     0064h              _INIT_SYSFREQUENCY
     0061h              _INIT_WDT

     Address            Public by Value
     0041h              R_ATEMP
     0042h              R_STATUS
     0044h              IIC_RECEIVE_DATA_HIGH
     0045h              IIC_RECEIVE_DATA_LOW
     0046h              IIC_SEND_DATA_HIGH
     0047h              IIC_SEND_DATA_LOW
     004bh              _CLEAR_RAM
     004ch              HIJACK_RECEIVE_DATAH
     004dh              HIJACK_RECEIVE_DATAL
     004eh              HIJACK_SEND_DATA_HIGH
     004fh              HIJACK_SEND_DATA_LOW
     0053h              _INIT_PORT
     0061h              _INIT_WDT
     0064h              _INIT_SYSFREQUENCY
     0067h              _INIT_LVD
     006ah              _IIC_INT_ISR
     00ebh              _IIC_INIT
     00f5h              _HIJACK_SEND
     0114h              _HIJACK_RECEIVE
     0040h[0]           F_EMI
     0040h[1]           FLAG_SDA_STATUS
     0225h              _HIJACK_INIT
     004bh[0]           IIC_RXOK_FLAG
     004bh[1]           IIC_TXOK_FLAG
     0062h[5]           HIJACK_RXOK_FLAG


ROM Usage Statistics
     Size      Used     Percentage
     0400h     02a1h    65%

RAM Usage Statistics
    Bank      Size      Used     Percentage
     00h       0040h     0023h    54%
     Total     0040h     0023h    54%

Use Stack Count
_IIC_INT_ISR: 1
_HIJACK_SEND: 1
_HIJACK_RECEIVE: 1

Call Tree
    _IIC_INT_ISR
        _IIC_READ_BYTEDATA
        IIC_ACK
        _IIC_WRITE_BYTEDATA
    _HIJACK_SEND
        _HIJACK_SEND_BIAS
        _HIJACK_SEND_IDLE
        _HIJACK_SEND_START
        _HIJACK_SEND_BYTE
        _HIJACK_SEND_STOP
    _HIJACK_RECEIVE
        _HIJACK_RX_1BIT
        _HIJACK_PREPAREMODE
        _HIJACK_STARTIDLEMODE
        _HIJACK_RX_BYTE
        _HIJACK_PARITY_STOPMODE
        _HIJACK_ENDIDLEMODE

HLINK: Program entry point at section 'CS' (address 0) of file 'E:\Doing\0 音頻口通信\ASSP MCU\hijiack\output\MAIN.OBJ'

Total 0 error(s), Total 0 Warning(s)
